Displaying
bc:left_up_down_bdc_left_down_qin | objectfunc:right_down | Vforce:1.00000 | delta_x:0.01000 | volfrac:0.30000
Emin:66.66667 | E0:13333.33333 | gamma:0.000000 | tau:0.01000 | lambda:1.00000 | w:4.00000 | gamma1:3.00000 | gamma2:1.50000
 It.:    2 ||Obj.: 86.932328 ||Vol.:  0.300 ||ch.: 30.000 ||r.:1000.000 
 It.:    3 ||Obj.: 86.932328 ||Vol.:  0.300 ||ch.: 30.000 ||r.:500.000 
 It.:    4 ||Obj.: 86.932328 ||Vol.:  0.300 ||ch.: 30.000 ||r.:250.000 
 It.:    5 ||Obj.: 86.932328 ||Vol.:  0.300 ||ch.: 30.000 ||r.:125.000 
 It.:    6 ||Obj.: 86.932328 ||Vol.:  0.300 ||ch.: 30.000 ||r.: 62.500 
 It.:    7 ||Obj.: 86.932328 ||Vol.:  0.300 ||ch.: 30.000 ||r.: 31.250 
 It.:    8 ||Obj.: 86.932328 ||Vol.:  0.300 ||ch.: 30.000 ||r.: 15.625 
 It.:    9 ||Obj.: 86.932328 ||Vol.:  0.300 ||ch.: 30.000 ||r.:  7.813 
 It.:   10 ||Obj.: 86.932328 ||Vol.:  0.300 ||ch.: 30.000 ||r.:  3.906 
 It.:   11 ||Obj.: 86.932328 ||Vol.:  0.300 ||ch.: 30.000 ||r.:  1.953 
 It.:   12 ||Obj.: 86.932328 ||Vol.:  0.300 ||ch.: 30.000 ||r.:  0.977 
 It.:   13 ||Obj.: 86.932328 ||Vol.:  0.300 ||ch.: 30.000 ||r.:  0.488 
 It.:   14 ||Obj.: 86.932328 ||Vol.:  0.300 ||ch.: 30.000 ||r.:  0.244 
 It.:   15 ||Obj.: 86.932328 ||Vol.:  0.300 ||ch.: 30.000 ||r.:  0.122 
 It.:   16 ||Obj.: 86.932328 ||Vol.:  0.300 ||ch.: 30.000 ||r.:  0.061 
 It.:   17 ||Obj.: 86.932328 ||Vol.:  0.300 ||ch.: 30.000 ||r.:  0.031 
 It.:   18 ||Obj.: 86.932328 ||Vol.:  0.300 ||ch.: 30.000 ||r.:  0.015 
 It.:   19 ||Obj.: 86.932328 ||Vol.:  0.300 ||ch.: 30.000 ||r.:  0.008 
 It.:   20 ||Obj.: 86.932328 ||Vol.:  0.300 ||ch.: 30.000 ||r.:  0.004 
 It.:   21 ||Obj.: 86.932328 ||Vol.:  0.300 ||ch.: 30.000 ||r.:  0.002 
 It.:   22 ||Obj.: 86.932328 ||Vol.:  0.300 ||ch.: 30.000 ||r.:  0.001 
 sharp interface energy:    1.432164
--------------------------------------
--------------------------------------
