Displaying
bc:left_up_down_bdc_left_down_qin | objectfunc:right_down | Vforce:1.00000 | delta_x:0.00333 | volfrac:0.30000
Emin:66.66667 | E0:13333.33333 | gamma:0.000000 | tau:0.00333 | lambda:1.00000 | w:4.00000 | gamma1:3.00000 | gamma2:1.50000
 It.:    2 ||Obj.:113.570391 ||Vol.:  0.300 ||ch.:159.600 ||r.:100000.000 
 It.:    3 ||Obj.:113.570391 ||Vol.:  0.300 ||ch.:159.600 ||r.:50000.000 
 It.:    4 ||Obj.:113.570391 ||Vol.:  0.300 ||ch.:159.600 ||r.:25000.000 
 It.:    5 ||Obj.:113.570391 ||Vol.:  0.300 ||ch.:159.600 ||r.:12500.000 
 It.:    6 ||Obj.:113.570391 ||Vol.:  0.300 ||ch.:159.600 ||r.:6250.000 
 It.:    7 ||Obj.:113.570391 ||Vol.:  0.300 ||ch.:159.600 ||r.:3125.000 
 It.:    8 ||Obj.:113.570391 ||Vol.:  0.300 ||ch.:159.600 ||r.:1562.500 
 It.:    9 ||Obj.:113.570391 ||Vol.:  0.300 ||ch.:159.600 ||r.:781.250 
 It.:   10 ||Obj.:113.570391 ||Vol.:  0.300 ||ch.:159.600 ||r.:390.625 
 It.:   11 ||Obj.:113.570391 ||Vol.:  0.300 ||ch.:159.600 ||r.:195.313 
 It.:   12 ||Obj.:146.438393 ||Vol.:  0.300 ||ch.:149.600 ||r.: 97.656 
 It.:   13 ||Obj.:243.225706 ||Vol.:  0.300 ||ch.:131.600 ||r.: 48.828 
 It.:   14 ||Obj.:337.067342 ||Vol.:  0.300 ||ch.:120.400 ||r.: 24.414 
 It.:   15 ||Obj.:435.707057 ||Vol.:  0.300 ||ch.:110.800 ||r.: 12.207 
 It.:   16 ||Obj.:529.364670 ||Vol.:  0.300 ||ch.:106.800 ||r.:  6.104 
 It.:   17 ||Obj.:611.261341 ||Vol.:  0.300 ||ch.: 99.600 ||r.:  3.052 
 It.:   18 ||Obj.:647.970513 ||Vol.:  0.300 ||ch.: 94.400 ||r.:  1.526 
 It.:   19 ||Obj.:668.368554 ||Vol.:  0.300 ||ch.: 92.400 ||r.:  0.763 
 It.:   20 ||Obj.:679.813146 ||Vol.:  0.300 ||ch.: 91.200 ||r.:  0.381 
 It.:   21 ||Obj.:693.761284 ||Vol.:  0.300 ||ch.: 90.400 ||r.:  0.191 
 It.:   22 ||Obj.:705.730285 ||Vol.:  0.300 ||ch.: 90.000 ||r.:  0.095 
 It.:   23 ||Obj.:705.730285 ||Vol.:  0.300 ||ch.: 90.000 ||r.:  0.048 
 It.:   24 ||Obj.:705.730285 ||Vol.:  0.300 ||ch.: 90.000 ||r.:  0.024 
 It.:   25 ||Obj.:705.730285 ||Vol.:  0.300 ||ch.: 90.000 ||r.:  0.012 
 It.:   26 ||Obj.:705.730285 ||Vol.:  0.300 ||ch.: 90.000 ||r.:  0.006 
 It.:   27 ||Obj.:705.730285 ||Vol.:  0.300 ||ch.: 90.000 ||r.:  0.003 
 It.:   28 ||Obj.:705.730285 ||Vol.:  0.300 ||ch.: 90.000 ||r.:  0.001 
 It.:   29 ||Obj.:705.730285 ||Vol.:  0.300 ||ch.: 90.000 ||r.:  0.001 
 sharp interface energy:   75.025177
--------------------------------------
--------------------------------------
