Displaying
bc:left_bdc | objectfunc:right_down_central | Vforce:1.00000 | delta_x:0.00500 | volfrac:0.50000
Emin:66.66667 | E0:13333.33333 | gamma:0.000000 | tau:0.00500 | lambda:1.00000 | w:1.00000 | gamma1:3.00000 | gamma2:1.50000
 It.:    2 ||Obj.:  0.047648 ||Vol.:  0.500 ||ch.:200.000 ||r.:10000000000.000 
 It.:    3 ||Obj.:  0.047648 ||Vol.:  0.500 ||ch.:200.000 ||r.:5000000000.000 
 It.:    4 ||Obj.:  0.047648 ||Vol.:  0.500 ||ch.:200.000 ||r.:2500000000.000 
 It.:    5 ||Obj.:  0.047652 ||Vol.:  0.500 ||ch.:200.000 ||r.:1250000000.000 
 It.:    6 ||Obj.:  0.047653 ||Vol.:  0.500 ||ch.:200.000 ||r.:625000000.000 
 It.:    7 ||Obj.:  0.047624 ||Vol.:  0.500 ||ch.:200.000 ||r.:312500000.000 
 It.:    8 ||Obj.:  0.047584 ||Vol.:  0.500 ||ch.:200.000 ||r.:156250000.000 
 It.:    9 ||Obj.:  0.047642 ||Vol.:  0.500 ||ch.:200.000 ||r.:78125000.000 
 It.:   10 ||Obj.:  0.047845 ||Vol.:  0.500 ||ch.:200.000 ||r.:39062500.000 
 It.:   11 ||Obj.:  0.048107 ||Vol.:  0.500 ||ch.:198.000 ||r.:19531250.000 
 It.:   12 ||Obj.:  0.048581 ||Vol.:  0.500 ||ch.:198.000 ||r.:9765625.000 
 It.:   13 ||Obj.:  0.049607 ||Vol.:  0.500 ||ch.:196.000 ||r.:4882812.500 
 It.:   14 ||Obj.:  0.051360 ||Vol.:  0.500 ||ch.:192.000 ||r.:2441406.250 
 It.:   15 ||Obj.:  0.055629 ||Vol.:  0.500 ||ch.:162.000 ||r.:1220703.125 
 It.:   16 ||Obj.:  0.060002 ||Vol.:  0.500 ||ch.:132.000 ||r.:610351.563 
 It.:   17 ||Obj.:  0.052849 ||Vol.:  0.500 ||ch.:118.000 ||r.:305175.781 
 It.:   18 ||Obj.:  0.027958 ||Vol.:  0.500 ||ch.:100.000 ||r.:152587.891 
 It.:   19 ||Obj.:  0.019482 ||Vol.:  0.500 ||ch.: 27.000 ||r.:76293.945 
 It.:   20 ||Obj.:  0.018970 ||Vol.:  0.500 ||ch.: 53.000 ||r.:76293.945 
 It.:   21 ||Obj.:  0.057726 ||Vol.:  0.500 ||ch.:120.000 ||r.:76293.945 
 It.:   22 ||Obj.:  0.048460 ||Vol.:  0.500 ||ch.:104.000 ||r.:40620.523 
 It.:   23 ||Obj.:  0.019480 ||Vol.:  0.500 ||ch.: 71.000 ||r.:22783.813 
 It.:   24 ||Obj.:  0.018645 ||Vol.:  0.500 ||ch.: 35.000 ||r.:13865.457 
 It.:   25 ||Obj.:  0.018142 ||Vol.:  0.500 ||ch.: 43.000 ||r.:13865.457 
 It.:   26 ||Obj.:  0.027271 ||Vol.:  0.500 ||ch.: 74.000 ||r.:13865.457 
 It.:   27 ||Obj.:  0.017751 ||Vol.:  0.500 ||ch.: 42.000 ||r.:9097.446 
 It.:   28 ||Obj.:  0.017026 ||Vol.:  0.500 ||ch.: 48.000 ||r.:9097.446 
 It.:   29 ||Obj.:  0.013962 ||Vol.:  0.500 ||ch.: 70.000 ||r.:9097.446 
 It.:   30 ||Obj.:  0.012837 ||Vol.:  0.500 ||ch.: 19.000 ||r.:9097.446 
 It.:   31 ||Obj.:  0.012805 ||Vol.:  0.500 ||ch.:  1.000 ||r.:9097.446 
 It.:   32 ||Obj.:  0.059422 ||Vol.:  0.500 ||ch.:194.000 ||r.:10000000000.000 
 It.:   33 ||Obj.:  0.059426 ||Vol.:  0.500 ||ch.:194.000 ||r.:5000004702.782 
 It.:   34 ||Obj.:  0.059454 ||Vol.:  0.500 ||ch.:194.000 ||r.:2500007054.173 
 It.:   35 ||Obj.:  0.059453 ||Vol.:  0.500 ||ch.:194.000 ||r.:1250008229.868 
 It.:   36 ||Obj.:  0.059443 ||Vol.:  0.500 ||ch.:194.000 ||r.:625008817.716 
 It.:   37 ||Obj.:  0.059394 ||Vol.:  0.500 ||ch.:194.000 ||r.:312509111.640 
 It.:   38 ||Obj.:  0.059384 ||Vol.:  0.500 ||ch.:194.000 ||r.:156259258.602 
 It.:   39 ||Obj.:  0.059431 ||Vol.:  0.500 ||ch.:194.000 ||r.:78134332.083 
 It.:   40 ||Obj.:  0.059352 ||Vol.:  0.500 ||ch.:194.000 ||r.:39071868.823 
 It.:   41 ||Obj.:  0.059269 ||Vol.:  0.500 ||ch.:193.000 ||r.:19540637.193 
 It.:   42 ||Obj.:  0.059417 ||Vol.:  0.500 ||ch.:193.000 ||r.:9775021.379 
 It.:   43 ||Obj.:  0.061363 ||Vol.:  0.500 ||ch.:191.000 ||r.:4892213.471 
 It.:   44 ||Obj.:  0.072648 ||Vol.:  0.500 ||ch.:190.000 ||r.:2450809.517 
 It.:   45 ||Obj.:  0.055500 ||Vol.:  0.500 ||ch.:177.000 ||r.:1230107.541 
 It.:   46 ||Obj.:  0.031878 ||Vol.:  0.500 ||ch.:165.000 ||r.:619756.552 
 It.:   47 ||Obj.:  0.015933 ||Vol.:  0.500 ||ch.:140.000 ||r.:314581.058 
 It.:   48 ||Obj.:  0.011161 ||Vol.:  0.500 ||ch.:130.000 ||r.:161993.311 
 It.:   49 ||Obj.:  0.027649 ||Vol.:  0.500 ||ch.:146.000 ||r.:161993.311 
 It.:   50 ||Obj.:  0.012554 ||Vol.:  0.500 ||ch.:112.000 ||r.:83500.119 
 It.:   51 ||Obj.:  0.009805 ||Vol.:  0.500 ||ch.: 70.000 ||r.:44253.524 
 It.:   52 ||Obj.:  0.009531 ||Vol.:  0.500 ||ch.: 20.000 ||r.:44253.524 
 It.:   53 ||Obj.:  0.009134 ||Vol.:  0.500 ||ch.: 50.000 ||r.:44253.524 
 It.:   54 ||Obj.:  0.009011 ||Vol.:  0.500 ||ch.: 11.000 ||r.:44253.524 
 It.:   55 ||Obj.:  0.009001 ||Vol.:  0.500 ||ch.:  2.000 ||r.:44253.524 
 It.:   56 ||Obj.:  0.058041 ||Vol.:  0.500 ||ch.:197.000 ||r.:10000000000.000 
 It.:   57 ||Obj.:  0.058044 ||Vol.:  0.500 ||ch.:197.000 ||r.:5000028039.418 
 It.:   58 ||Obj.:  0.058039 ||Vol.:  0.500 ||ch.:197.000 ||r.:2500042059.127 
 It.:   59 ||Obj.:  0.058041 ||Vol.:  0.500 ||ch.:197.000 ||r.:1250049068.982 
 It.:   60 ||Obj.:  0.058001 ||Vol.:  0.500 ||ch.:197.000 ||r.:625052573.909 
 It.:   61 ||Obj.:  0.058049 ||Vol.:  0.500 ||ch.:197.000 ||r.:312554326.373 
 It.:   62 ||Obj.:  0.057973 ||Vol.:  0.500 ||ch.:197.000 ||r.:156305202.605 
 It.:   63 ||Obj.:  0.058186 ||Vol.:  0.500 ||ch.:197.000 ||r.:78180640.721 
 It.:   64 ||Obj.:  0.058358 ||Vol.:  0.500 ||ch.:195.000 ||r.:39118359.779 
 It.:   65 ||Obj.:  0.059039 ||Vol.:  0.500 ||ch.:194.000 ||r.:19587219.308 
 It.:   66 ||Obj.:  0.057824 ||Vol.:  0.500 ||ch.:194.000 ||r.:9821649.072 
 It.:   67 ||Obj.:  0.052825 ||Vol.:  0.500 ||ch.:190.000 ||r.:4938863.954 
 It.:   68 ||Obj.:  0.046416 ||Vol.:  0.500 ||ch.:189.000 ||r.:2497471.395 
 It.:   69 ||Obj.:  0.015328 ||Vol.:  0.500 ||ch.:158.000 ||r.:1276775.116 
 It.:   70 ||Obj.:  0.008754 ||Vol.:  0.500 ||ch.:150.000 ||r.:666426.976 
 It.:   71 ||Obj.:  0.030387 ||Vol.:  0.500 ||ch.:171.000 ||r.:666426.976 
 It.:   72 ||Obj.:  0.022937 ||Vol.:  0.500 ||ch.:164.000 ||r.:342618.425 
 It.:   73 ||Obj.:  0.009766 ||Vol.:  0.500 ||ch.:109.000 ||r.:180714.149 
 It.:   74 ||Obj.:  0.007976 ||Vol.:  0.500 ||ch.: 64.000 ||r.:99762.011 
 It.:   75 ||Obj.:  0.007380 ||Vol.:  0.500 ||ch.: 58.000 ||r.:99762.011 
 It.:   76 ||Obj.:  0.013021 ||Vol.:  0.500 ||ch.:126.000 ||r.:99762.011 
 It.:   77 ||Obj.:  0.007466 ||Vol.:  0.500 ||ch.: 80.000 ||r.:57211.988 
 It.:   78 ||Obj.:  0.007150 ||Vol.:  0.500 ||ch.: 54.000 ||r.:35936.977 
 It.:   79 ||Obj.:  0.007083 ||Vol.:  0.500 ||ch.:  9.000 ||r.:35936.977 
 It.:   80 ||Obj.:  0.022128 ||Vol.:  0.500 ||ch.:181.000 ||r.:10000000000.000 
 It.:   81 ||Obj.:  0.022125 ||Vol.:  0.500 ||ch.:181.000 ||r.:5000045808.070 
 It.:   82 ||Obj.:  0.022128 ||Vol.:  0.500 ||ch.:181.000 ||r.:2500068712.104 
 It.:   83 ||Obj.:  0.022117 ||Vol.:  0.500 ||ch.:181.000 ||r.:1250080164.122 
 It.:   84 ||Obj.:  0.022121 ||Vol.:  0.500 ||ch.:181.000 ||r.:625085890.131 
 It.:   85 ||Obj.:  0.022152 ||Vol.:  0.500 ||ch.:181.000 ||r.:312588753.135 
 It.:   86 ||Obj.:  0.022163 ||Vol.:  0.500 ||ch.:181.000 ||r.:156340184.637 
 It.:   87 ||Obj.:  0.022150 ||Vol.:  0.500 ||ch.:181.000 ||r.:78215900.388 
 It.:   88 ||Obj.:  0.022388 ||Vol.:  0.500 ||ch.:181.000 ||r.:39153758.264 
 It.:   89 ||Obj.:  0.023648 ||Vol.:  0.500 ||ch.:180.000 ||r.:19622687.202 
 It.:   90 ||Obj.:  0.024592 ||Vol.:  0.500 ||ch.:176.000 ||r.:9857151.670 
 It.:   91 ||Obj.:  0.024107 ||Vol.:  0.500 ||ch.:171.000 ||r.:4974383.905 
 It.:   92 ||Obj.:  0.021663 ||Vol.:  0.500 ||ch.:158.000 ||r.:2533000.022 
 It.:   93 ||Obj.:  0.020586 ||Vol.:  0.500 ||ch.:138.000 ||r.:1312308.081 
 It.:   94 ||Obj.:  0.018185 ||Vol.:  0.500 ||ch.:120.000 ||r.:701962.110 
 It.:   95 ||Obj.:  0.007624 ||Vol.:  0.500 ||ch.: 98.000 ||r.:396789.125 
 It.:   96 ||Obj.:  0.007313 ||Vol.:  0.500 ||ch.: 65.000 ||r.:244202.632 
 It.:   97 ||Obj.:  0.006817 ||Vol.:  0.500 ||ch.: 43.000 ||r.:167909.386 
 It.:   98 ||Obj.:  0.006359 ||Vol.:  0.500 ||ch.: 75.000 ||r.:167909.386 
 It.:   99 ||Obj.:  0.006138 ||Vol.:  0.500 ||ch.: 82.000 ||r.:167909.386 
 It.:  100 ||Obj.:  0.006731 ||Vol.:  0.500 ||ch.: 88.000 ||r.:167909.386 
 It.:  101 ||Obj.:  0.006020 ||Vol.:  0.500 ||ch.: 29.000 ||r.:94971.363 
 It.:  102 ||Obj.:  0.005987 ||Vol.:  0.500 ||ch.: 12.000 ||r.:94971.363 
 It.:  103 ||Obj.:  0.027660 ||Vol.:  0.500 ||ch.:184.000 ||r.:10000000000.000 
 It.:  104 ||Obj.:  0.027685 ||Vol.:  0.500 ||ch.:184.000 ||r.:5000051679.801 
 It.:  105 ||Obj.:  0.027709 ||Vol.:  0.500 ||ch.:184.000 ||r.:2500077519.701 
 It.:  106 ||Obj.:  0.027751 ||Vol.:  0.500 ||ch.:184.000 ||r.:1250090439.651 
 It.:  107 ||Obj.:  0.027766 ||Vol.:  0.500 ||ch.:184.000 ||r.:625096899.626 
 It.:  108 ||Obj.:  0.027712 ||Vol.:  0.500 ||ch.:183.000 ||r.:312600129.614 
 It.:  109 ||Obj.:  0.027704 ||Vol.:  0.500 ||ch.:183.000 ||r.:156351744.607 
 It.:  110 ||Obj.:  0.028231 ||Vol.:  0.500 ||ch.:183.000 ||r.:78227552.104 
 It.:  111 ||Obj.:  0.027708 ||Vol.:  0.500 ||ch.:183.000 ||r.:39165455.853 
 It.:  112 ||Obj.:  0.025903 ||Vol.:  0.500 ||ch.:176.000 ||r.:19634407.727 
 It.:  113 ||Obj.:  0.021972 ||Vol.:  0.500 ||ch.:169.000 ||r.:9868883.664 
 It.:  114 ||Obj.:  0.013843 ||Vol.:  0.500 ||ch.:152.000 ||r.:4986121.633 
 It.:  115 ||Obj.:  0.006824 ||Vol.:  0.500 ||ch.:133.000 ||r.:2544740.617 
 It.:  116 ||Obj.:  0.005688 ||Vol.:  0.500 ||ch.:112.000 ||r.:1324050.109 
 It.:  117 ||Obj.:  0.024726 ||Vol.:  0.500 ||ch.:145.000 ||r.:1324050.109 
 It.:  118 ||Obj.:  0.016721 ||Vol.:  0.500 ||ch.:126.000 ||r.:677150.083 
 It.:  119 ||Obj.:  0.006947 ||Vol.:  0.500 ||ch.:103.000 ||r.:353700.070 
 It.:  120 ||Obj.:  0.005441 ||Vol.:  0.500 ||ch.: 26.000 ||r.:191975.063 
 It.:  121 ||Obj.:  0.005409 ||Vol.:  0.500 ||ch.:  6.000 ||r.:191975.063 
 It.:  122 ||Obj.:  0.005401 ||Vol.:  0.500 ||ch.:  3.000 ||r.:191975.063 
 It.:  123 ||Obj.:  0.035536 ||Vol.:  0.500 ||ch.:172.000 ||r.:10000000000.000 
 It.:  124 ||Obj.:  0.035546 ||Vol.:  0.500 ||ch.:172.000 ||r.:5000117209.255 
 It.:  125 ||Obj.:  0.035547 ||Vol.:  0.500 ||ch.:172.000 ||r.:2500175813.882 
 It.:  126 ||Obj.:  0.035539 ||Vol.:  0.500 ||ch.:171.000 ||r.:1250205116.196 
 It.:  127 ||Obj.:  0.035586 ||Vol.:  0.500 ||ch.:171.000 ||r.:625219767.353 
 It.:  128 ||Obj.:  0.035505 ||Vol.:  0.500 ||ch.:171.000 ||r.:312727092.931 
 It.:  129 ||Obj.:  0.035133 ||Vol.:  0.500 ||ch.:171.000 ||r.:156480755.721 
 It.:  130 ||Obj.:  0.035033 ||Vol.:  0.500 ||ch.:170.000 ||r.:78357587.115 
 It.:  131 ||Obj.:  0.034130 ||Vol.:  0.500 ||ch.:165.000 ||r.:39296002.813 
 It.:  132 ||Obj.:  0.032233 ||Vol.:  0.500 ||ch.:160.000 ||r.:19765210.661 
 It.:  133 ||Obj.:  0.024864 ||Vol.:  0.500 ||ch.:147.000 ||r.:9999814.586 
 It.:  134 ||Obj.:  0.013471 ||Vol.:  0.500 ||ch.:130.000 ||r.:5117116.548 
 It.:  135 ||Obj.:  0.005961 ||Vol.:  0.500 ||ch.:109.000 ||r.:2675767.529 
 It.:  136 ||Obj.:  0.005168 ||Vol.:  0.500 ||ch.: 96.000 ||r.:1455093.019 
 It.:  137 ||Obj.:  0.005930 ||Vol.:  0.500 ||ch.: 87.000 ||r.:1455093.019 
 It.:  138 ||Obj.:  0.005108 ||Vol.:  0.500 ||ch.: 43.000 ||r.:795315.636 
 It.:  139 ||Obj.:  0.005065 ||Vol.:  0.500 ||ch.: 40.000 ||r.:795315.636 
 It.:  140 ||Obj.:  0.005014 ||Vol.:  0.500 ||ch.: 23.000 ||r.:795315.636 
 It.:  141 ||Obj.:  0.005523 ||Vol.:  0.500 ||ch.: 68.000 ||r.:795315.636 
 It.:  142 ||Obj.:  0.004967 ||Vol.:  0.500 ||ch.: 16.000 ||r.:445788.474 
 It.:  143 ||Obj.:  0.004957 ||Vol.:  0.500 ||ch.:  9.000 ||r.:445788.474 
 It.:  144 ||Obj.:  0.017159 ||Vol.:  0.500 ||ch.:176.000 ||r.:10000000000.000 
 It.:  145 ||Obj.:  0.017158 ||Vol.:  0.500 ||ch.:176.000 ||r.:5000235729.828 
 It.:  146 ||Obj.:  0.017166 ||Vol.:  0.500 ||ch.:176.000 ||r.:2500353594.743 
 It.:  147 ||Obj.:  0.017197 ||Vol.:  0.500 ||ch.:176.000 ||r.:1250412527.200 
 It.:  148 ||Obj.:  0.017213 ||Vol.:  0.500 ||ch.:176.000 ||r.:625441993.428 
 It.:  149 ||Obj.:  0.017298 ||Vol.:  0.500 ||ch.:175.000 ||r.:312956726.542 
 It.:  150 ||Obj.:  0.017363 ||Vol.:  0.500 ||ch.:174.000 ||r.:156714093.100 
 It.:  151 ||Obj.:  0.017467 ||Vol.:  0.500 ||ch.:173.000 ||r.:78592776.378 
 It.:  152 ||Obj.:  0.016683 ||Vol.:  0.500 ||ch.:164.000 ||r.:39532118.017 
 It.:  153 ||Obj.:  0.014611 ||Vol.:  0.500 ||ch.:155.000 ||r.:20001788.837 
 It.:  154 ||Obj.:  0.008814 ||Vol.:  0.500 ||ch.:140.000 ||r.:10236624.247 
 It.:  155 ||Obj.:  0.005212 ||Vol.:  0.500 ||ch.: 95.000 ||r.:5354041.952 
 It.:  156 ||Obj.:  0.004806 ||Vol.:  0.500 ||ch.: 61.000 ||r.:2912750.804 
 It.:  157 ||Obj.:  0.009563 ||Vol.:  0.500 ||ch.:125.000 ||r.:2912750.804 
 It.:  158 ||Obj.:  0.005583 ||Vol.:  0.500 ||ch.: 83.000 ||r.:1493725.609 
 It.:  159 ||Obj.:  0.004763 ||Vol.:  0.500 ||ch.: 25.000 ||r.:784213.011 
 It.:  160 ||Obj.:  0.004756 ||Vol.:  0.500 ||ch.:  8.000 ||r.:784213.011 
 It.:  161 ||Obj.:  0.016065 ||Vol.:  0.500 ||ch.:174.000 ||r.:10000000000.000 
 It.:  162 ||Obj.:  0.016067 ||Vol.:  0.500 ||ch.:174.000 ||r.:5000398374.067 
 It.:  163 ||Obj.:  0.016040 ||Vol.:  0.500 ||ch.:174.000 ||r.:2500597561.101 
 It.:  164 ||Obj.:  0.016105 ||Vol.:  0.500 ||ch.:174.000 ||r.:1250697154.618 
 It.:  165 ||Obj.:  0.016381 ||Vol.:  0.500 ||ch.:174.000 ||r.:625746951.376 
 It.:  166 ||Obj.:  0.016458 ||Vol.:  0.500 ||ch.:174.000 ||r.:313271849.755 
 It.:  167 ||Obj.:  0.016510 ||Vol.:  0.500 ||ch.:170.000 ||r.:157034298.945 
 It.:  168 ||Obj.:  0.016501 ||Vol.:  0.500 ||ch.:166.000 ||r.:78915523.540 
 It.:  169 ||Obj.:  0.015192 ||Vol.:  0.500 ||ch.:162.000 ||r.:39856135.837 
 It.:  170 ||Obj.:  0.011787 ||Vol.:  0.500 ||ch.:150.000 ||r.:20326441.986 
 It.:  171 ||Obj.:  0.007355 ||Vol.:  0.500 ||ch.:128.000 ||r.:10561595.060 
 It.:  172 ||Obj.:  0.004782 ||Vol.:  0.500 ||ch.: 72.000 ||r.:5679171.597 
 It.:  173 ||Obj.:  0.004695 ||Vol.:  0.500 ||ch.: 36.000 ||r.:3237959.866 
 It.:  174 ||Obj.:  0.004659 ||Vol.:  0.500 ||ch.: 35.000 ||r.:3237959.866 
 It.:  175 ||Obj.:  0.009274 ||Vol.:  0.500 ||ch.:124.000 ||r.:3237959.866 
 It.:  176 ||Obj.:  0.006686 ||Vol.:  0.500 ||ch.: 96.000 ||r.:1650606.398 
 It.:  177 ||Obj.:  0.004689 ||Vol.:  0.500 ||ch.: 45.000 ||r.:856929.665 
 It.:  178 ||Obj.:  0.004625 ||Vol.:  0.500 ||ch.: 13.000 ||r.:460091.298 
 It.:  179 ||Obj.:  0.004620 ||Vol.:  0.500 ||ch.:  5.000 ||r.:460091.298 
 It.:  180 ||Obj.:  0.004618 ||Vol.:  0.500 ||ch.:  3.000 ||r.:460091.298 
 It.:  181 ||Obj.:  0.014934 ||Vol.:  0.500 ||ch.:166.000 ||r.:10000000000.000 
 It.:  182 ||Obj.:  0.014952 ||Vol.:  0.500 ||ch.:166.000 ||r.:5000258098.068 
 It.:  183 ||Obj.:  0.014995 ||Vol.:  0.500 ||ch.:166.000 ||r.:2500387147.101 
 It.:  184 ||Obj.:  0.014967 ||Vol.:  0.500 ||ch.:166.000 ||r.:1250451671.618 
 It.:  185 ||Obj.:  0.015009 ||Vol.:  0.500 ||ch.:166.000 ||r.:625483933.877 
 It.:  186 ||Obj.:  0.015070 ||Vol.:  0.500 ||ch.:166.000 ||r.:313000065.006 
 It.:  187 ||Obj.:  0.015194 ||Vol.:  0.500 ||ch.:165.000 ||r.:156758130.571 
 It.:  188 ||Obj.:  0.015210 ||Vol.:  0.500 ||ch.:161.000 ||r.:78637163.353 
 It.:  189 ||Obj.:  0.014102 ||Vol.:  0.500 ||ch.:149.000 ||r.:39576679.744 
 It.:  190 ||Obj.:  0.010587 ||Vol.:  0.500 ||ch.:129.000 ||r.:20046437.940 
 It.:  191 ||Obj.:  0.005968 ||Vol.:  0.500 ||ch.: 93.000 ||r.:10281317.038 
 It.:  192 ||Obj.:  0.004676 ||Vol.:  0.500 ||ch.: 54.000 ||r.:5398756.586 
 It.:  193 ||Obj.:  0.004569 ||Vol.:  0.500 ||ch.: 38.000 ||r.:2957476.361 
 It.:  194 ||Obj.:  0.004617 ||Vol.:  0.500 ||ch.: 45.000 ||r.:2957476.361 
 It.:  195 ||Obj.:  0.004569 ||Vol.:  0.500 ||ch.: 30.000 ||r.:1570485.858 
 It.:  196 ||Obj.:  0.004564 ||Vol.:  0.500 ||ch.: 13.000 ||r.:876990.606 
 It.:  197 ||Obj.:  0.004561 ||Vol.:  0.500 ||ch.:  7.000 ||r.:876990.606 
 It.:  198 ||Obj.:  0.014821 ||Vol.:  0.500 ||ch.:166.000 ||r.:10000000000.000 
 It.:  199 ||Obj.:  0.014829 ||Vol.:  0.500 ||ch.:166.000 ||r.:5000518614.990 
 It.:  200 ||Obj.:  0.014849 ||Vol.:  0.500 ||ch.:166.000 ||r.:2500777922.485 
 It.:  201 ||Obj.:  0.014877 ||Vol.:  0.500 ||ch.:165.000 ||r.:1250907576.232 
 It.:  202 ||Obj.:  0.014930 ||Vol.:  0.500 ||ch.:164.000 ||r.:625972403.106 
 It.:  203 ||Obj.:  0.015083 ||Vol.:  0.500 ||ch.:163.000 ||r.:313504816.543 
 It.:  204 ||Obj.:  0.015359 ||Vol.:  0.500 ||ch.:161.000 ||r.:157271023.261 
 It.:  205 ||Obj.:  0.015408 ||Vol.:  0.500 ||ch.:159.000 ||r.:79154126.620 
 It.:  206 ||Obj.:  0.014578 ||Vol.:  0.500 ||ch.:150.000 ||r.:40095678.300 
 It.:  207 ||Obj.:  0.010508 ||Vol.:  0.500 ||ch.:128.000 ||r.:20566454.140 
 It.:  208 ||Obj.:  0.005958 ||Vol.:  0.500 ||ch.: 84.000 ||r.:10801842.060 
 It.:  209 ||Obj.:  0.004586 ||Vol.:  0.500 ||ch.: 55.000 ||r.:5919536.020 
 It.:  210 ||Obj.:  0.004554 ||Vol.:  0.500 ||ch.: 29.000 ||r.:3478383.000 
 It.:  211 ||Obj.:  0.005164 ||Vol.:  0.500 ||ch.: 68.000 ||r.:3478383.000 
 It.:  212 ||Obj.:  0.004550 ||Vol.:  0.500 ||ch.: 32.000 ||r.:1779728.772 
 It.:  213 ||Obj.:  0.004543 ||Vol.:  0.500 ||ch.: 17.000 ||r.:1779728.772 
 It.:  214 ||Obj.:  0.004538 ||Vol.:  0.500 ||ch.:  8.000 ||r.:1779728.772 
 It.:  215 ||Obj.:  0.004536 ||Vol.:  0.500 ||ch.:  6.000 ||r.:1779728.772 
 It.:  216 ||Obj.:  0.004534 ||Vol.:  0.500 ||ch.:  4.000 ||r.:1779728.772 
 It.:  217 ||Obj.:  0.004533 ||Vol.:  0.500 ||ch.:  4.000 ||r.:1779728.772 
 It.:  218 ||Obj.:  0.004533 ||Vol.:  0.500 ||ch.:  2.000 ||r.:1779728.772 
 It.:  219 ||Obj.:  0.012736 ||Vol.:  0.500 ||ch.:162.000 ||r.:10000000000.000 
 It.:  220 ||Obj.:  0.012727 ||Vol.:  0.500 ||ch.:162.000 ||r.:5000939817.734 
 It.:  221 ||Obj.:  0.012738 ||Vol.:  0.500 ||ch.:162.000 ||r.:2501409726.601 
 It.:  222 ||Obj.:  0.012739 ||Vol.:  0.500 ||ch.:162.000 ||r.:1251644681.035 
 It.:  223 ||Obj.:  0.012712 ||Vol.:  0.500 ||ch.:160.000 ||r.:626762158.251 
 It.:  224 ||Obj.:  0.012854 ||Vol.:  0.500 ||ch.:160.000 ||r.:314320896.860 
 It.:  225 ||Obj.:  0.013002 ||Vol.:  0.500 ||ch.:157.000 ||r.:158100266.164 
 It.:  226 ||Obj.:  0.013012 ||Vol.:  0.500 ||ch.:152.000 ||r.:79989950.816 
 It.:  227 ||Obj.:  0.012249 ||Vol.:  0.500 ||ch.:140.000 ||r.:40934793.142 
 It.:  228 ||Obj.:  0.008419 ||Vol.:  0.500 ||ch.:118.000 ||r.:21407214.305 
 It.:  229 ||Obj.:  0.005132 ||Vol.:  0.500 ||ch.: 83.000 ||r.:11643424.886 
 It.:  230 ||Obj.:  0.004490 ||Vol.:  0.500 ||ch.: 62.000 ||r.:6761530.177 
 It.:  231 ||Obj.:  0.004941 ||Vol.:  0.500 ||ch.: 75.000 ||r.:6761530.177 
 It.:  232 ||Obj.:  0.004555 ||Vol.:  0.500 ||ch.: 68.000 ||r.:3493661.678 
 It.:  233 ||Obj.:  0.004507 ||Vol.:  0.500 ||ch.: 48.000 ||r.:1859727.429 
 It.:  234 ||Obj.:  0.004485 ||Vol.:  0.500 ||ch.: 17.000 ||r.:1042760.304 
 It.:  235 ||Obj.:  0.004476 ||Vol.:  0.500 ||ch.: 14.000 ||r.:1042760.304 
 It.:  236 ||Obj.:  0.004470 ||Vol.:  0.500 ||ch.:  6.000 ||r.:1042760.304 
 It.:  237 ||Obj.:  0.004467 ||Vol.:  0.500 ||ch.:  5.000 ||r.:1042760.304 
 It.:  238 ||Obj.:  0.004465 ||Vol.:  0.500 ||ch.:  3.000 ||r.:1042760.304 
 It.:  239 ||Obj.:  0.012025 ||Vol.:  0.500 ||ch.:157.000 ||r.:10000000000.000 
 It.:  240 ||Obj.:  0.012029 ||Vol.:  0.500 ||ch.:157.000 ||r.:5000596588.618 
 It.:  241 ||Obj.:  0.012019 ||Vol.:  0.500 ||ch.:157.000 ||r.:2500894882.928 
 It.:  242 ||Obj.:  0.012200 ||Vol.:  0.500 ||ch.:157.000 ||r.:1251044030.082 
 It.:  243 ||Obj.:  0.012253 ||Vol.:  0.500 ||ch.:156.000 ||r.:626118603.659 
 It.:  244 ||Obj.:  0.012321 ||Vol.:  0.500 ||ch.:155.000 ||r.:313655890.448 
 It.:  245 ||Obj.:  0.012353 ||Vol.:  0.500 ||ch.:150.000 ||r.:157424533.842 
 It.:  246 ||Obj.:  0.012450 ||Vol.:  0.500 ||ch.:143.000 ||r.:79308855.540 
 It.:  247 ||Obj.:  0.010121 ||Vol.:  0.500 ||ch.:129.000 ||r.:40251016.388 
 It.:  248 ||Obj.:  0.006659 ||Vol.:  0.500 ||ch.: 97.000 ||r.:20722096.812 
 It.:  249 ||Obj.:  0.004723 ||Vol.:  0.500 ||ch.: 70.000 ||r.:10957637.025 
 It.:  250 ||Obj.:  0.004522 ||Vol.:  0.500 ||ch.: 51.000 ||r.:6075407.131 
 It.:  251 ||Obj.:  0.004465 ||Vol.:  0.500 ||ch.: 32.000 ||r.:3634292.184 
 It.:  252 ||Obj.:  0.004501 ||Vol.:  0.500 ||ch.: 60.000 ||r.:3634292.184 
 It.:  253 ||Obj.:  0.004475 ||Vol.:  0.500 ||ch.: 48.000 ||r.:1964979.904 
 It.:  254 ||Obj.:  0.004465 ||Vol.:  0.500 ||ch.: 25.000 ||r.:1130323.763 
 It.:  255 ||Obj.:  0.004460 ||Vol.:  0.500 ||ch.: 10.000 ||r.:1130323.763 
 It.:  256 ||Obj.:  0.004457 ||Vol.:  0.500 ||ch.:  8.000 ||r.:1130323.763 
 It.:  257 ||Obj.:  0.004456 ||Vol.:  0.500 ||ch.:  1.000 ||r.:1130323.763 
 It.:  258 ||Obj.:  0.004456 ||Vol.:  0.500 ||ch.:  2.000 ||r.:1130323.763 
 It.:  259 ||Obj.:  0.011400 ||Vol.:  0.500 ||ch.:159.000 ||r.:10000000000.000 
 It.:  260 ||Obj.:  0.011405 ||Vol.:  0.500 ||ch.:158.000 ||r.:5000601045.883 
 It.:  261 ||Obj.:  0.011413 ||Vol.:  0.500 ||ch.:157.000 ||r.:2500901568.825 
 It.:  262 ||Obj.:  0.011501 ||Vol.:  0.500 ||ch.:157.000 ||r.:1251051830.296 
 It.:  263 ||Obj.:  0.011482 ||Vol.:  0.500 ||ch.:157.000 ||r.:626126961.031 
 It.:  264 ||Obj.:  0.011605 ||Vol.:  0.500 ||ch.:156.000 ||r.:313664526.399 
 It.:  265 ||Obj.:  0.011832 ||Vol.:  0.500 ||ch.:153.000 ||r.:157433309.082 
 It.:  266 ||Obj.:  0.011332 ||Vol.:  0.500 ||ch.:150.000 ||r.:79317700.424 
 It.:  267 ||Obj.:  0.009546 ||Vol.:  0.500 ||ch.:125.000 ||r.:40259896.095 
 It.:  268 ||Obj.:  0.006176 ||Vol.:  0.500 ||ch.: 88.000 ||r.:20730993.931 
 It.:  269 ||Obj.:  0.004591 ||Vol.:  0.500 ||ch.: 71.000 ||r.:10966542.849 
 It.:  270 ||Obj.:  0.004472 ||Vol.:  0.500 ||ch.: 40.000 ||r.:6084317.307 
 It.:  271 ||Obj.:  0.004451 ||Vol.:  0.500 ||ch.: 32.000 ||r.:3643204.537 
 It.:  272 ||Obj.:  0.004466 ||Vol.:  0.500 ||ch.: 44.000 ||r.:3643204.537 
 It.:  273 ||Obj.:  0.004452 ||Vol.:  0.500 ||ch.: 27.000 ||r.:1901572.366 
 It.:  274 ||Obj.:  0.004450 ||Vol.:  0.500 ||ch.: 13.000 ||r.:1030756.280 
 It.:  275 ||Obj.:  0.004447 ||Vol.:  0.500 ||ch.: 10.000 ||r.:1030756.280 
 It.:  276 ||Obj.:  0.011418 ||Vol.:  0.500 ||ch.:161.000 ||r.:10000000000.000 
 It.:  277 ||Obj.:  0.011419 ||Vol.:  0.500 ||ch.:161.000 ||r.:5000575521.814 
 It.:  278 ||Obj.:  0.011426 ||Vol.:  0.500 ||ch.:161.000 ||r.:2500863282.722 
 It.:  279 ||Obj.:  0.011432 ||Vol.:  0.500 ||ch.:159.000 ||r.:1251007163.175 
 It.:  280 ||Obj.:  0.011506 ||Vol.:  0.500 ||ch.:156.000 ||r.:626079103.402 
 It.:  281 ||Obj.:  0.011572 ||Vol.:  0.500 ||ch.:153.000 ||r.:313615073.516 
 It.:  282 ||Obj.:  0.011750 ||Vol.:  0.500 ||ch.:147.000 ||r.:157383058.572 
 It.:  283 ||Obj.:  0.011440 ||Vol.:  0.500 ||ch.:139.000 ||r.:79267051.101 
 It.:  284 ||Obj.:  0.009193 ||Vol.:  0.500 ||ch.:123.000 ||r.:40209047.365 
 It.:  285 ||Obj.:  0.005972 ||Vol.:  0.500 ||ch.: 90.000 ||r.:20680045.497 
 It.:  286 ||Obj.:  0.004537 ||Vol.:  0.500 ||ch.: 63.000 ||r.:10915544.563 
 It.:  287 ||Obj.:  0.004454 ||Vol.:  0.500 ||ch.: 42.000 ||r.:6033294.096 
 It.:  288 ||Obj.:  0.004443 ||Vol.:  0.500 ||ch.: 29.000 ||r.:3592168.862 
 It.:  289 ||Obj.:  0.004441 ||Vol.:  0.500 ||ch.:  8.000 ||r.:3592168.862 
 It.:  290 ||Obj.:  0.004440 ||Vol.:  0.500 ||ch.:  4.000 ||r.:3592168.862 
 It.:  291 ||Obj.:  0.004440 ||Vol.:  0.500 ||ch.:  2.000 ||r.:3592168.862 
 It.:  292 ||Obj.:  0.004440 ||Vol.:  0.500 ||ch.:  4.000 ||r.:3592168.862 
 It.:  293 ||Obj.:  0.004440 ||Vol.:  0.500 ||ch.:  1.000 ||r.:3592168.862 
 It.:  294 ||Obj.:  0.011073 ||Vol.:  0.500 ||ch.:161.000 ||r.:10000000000.000 
 It.:  295 ||Obj.:  0.011078 ||Vol.:  0.500 ||ch.:161.000 ||r.:5001846766.719 
 It.:  296 ||Obj.:  0.011097 ||Vol.:  0.500 ||ch.:159.000 ||r.:2502770150.078 
 It.:  297 ||Obj.:  0.011109 ||Vol.:  0.500 ||ch.:158.000 ||r.:1253231841.758 
 It.:  298 ||Obj.:  0.011202 ||Vol.:  0.500 ||ch.:158.000 ||r.:628462687.597 
 It.:  299 ||Obj.:  0.011307 ||Vol.:  0.500 ||ch.:155.000 ||r.:316078110.517 
 It.:  300 ||Obj.:  0.011477 ||Vol.:  0.500 ||ch.:148.000 ||r.:159885821.977 
 It.:  301 ||Obj.:  0.011238 ||Vol.:  0.500 ||ch.:142.000 ||r.:81789677.707 
 It.:  302 ||Obj.:  0.009369 ||Vol.:  0.500 ||ch.:126.000 ||r.:42741605.572 
 It.:  303 ||Obj.:  0.006383 ||Vol.:  0.500 ||ch.: 98.000 ||r.:23217569.505 
 It.:  304 ||Obj.:  0.004675 ||Vol.:  0.500 ||ch.: 52.000 ||r.:13455551.471 
 It.:  305 ||Obj.:  0.004424 ||Vol.:  0.500 ||ch.: 36.000 ||r.:8574542.454 
 It.:  306 ||Obj.:  0.004664 ||Vol.:  0.500 ||ch.: 70.000 ||r.:8574542.454 
 It.:  307 ||Obj.:  0.004492 ||Vol.:  0.500 ||ch.: 53.000 ||r.:4493532.728 
 It.:  308 ||Obj.:  0.004442 ||Vol.:  0.500 ||ch.: 34.000 ||r.:2453027.865 
 It.:  309 ||Obj.:  0.004422 ||Vol.:  0.500 ||ch.: 15.000 ||r.:1432775.433 
 It.:  310 ||Obj.:  0.004415 ||Vol.:  0.500 ||ch.: 10.000 ||r.:1432775.433 
 It.:  311 ||Obj.:  0.004412 ||Vol.:  0.500 ||ch.:  5.000 ||r.:1432775.433 
 It.:  312 ||Obj.:  0.004412 ||Vol.:  0.500 ||ch.:  2.000 ||r.:1432775.433 
 It.:  313 ||Obj.:  0.011398 ||Vol.:  0.500 ||ch.:160.000 ||r.:10000000000.000 
 It.:  314 ||Obj.:  0.011374 ||Vol.:  0.500 ||ch.:160.000 ||r.:5000746877.386 
 It.:  315 ||Obj.:  0.011432 ||Vol.:  0.500 ||ch.:160.000 ||r.:2501120316.079 
 It.:  316 ||Obj.:  0.011453 ||Vol.:  0.500 ||ch.:159.000 ||r.:1251307035.426 
 It.:  317 ||Obj.:  0.011569 ||Vol.:  0.500 ||ch.:158.000 ||r.:626400395.099 
 It.:  318 ||Obj.:  0.011759 ||Vol.:  0.500 ||ch.:158.000 ||r.:313947074.936 
 It.:  319 ||Obj.:  0.011814 ||Vol.:  0.500 ||ch.:158.000 ||r.:157720414.854 
 It.:  320 ||Obj.:  0.011211 ||Vol.:  0.500 ||ch.:152.000 ||r.:79607084.813 
 It.:  321 ||Obj.:  0.008924 ||Vol.:  0.500 ||ch.:131.000 ||r.:40550419.793 
 It.:  322 ||Obj.:  0.005898 ||Vol.:  0.500 ||ch.: 93.000 ||r.:21022087.282 
 It.:  323 ||Obj.:  0.004644 ||Vol.:  0.500 ||ch.: 69.000 ||r.:11257921.027 
 It.:  324 ||Obj.:  0.004454 ||Vol.:  0.500 ||ch.: 38.000 ||r.:6375837.900 
 It.:  325 ||Obj.:  0.004414 ||Vol.:  0.500 ||ch.: 22.000 ||r.:3934796.336 
 It.:  326 ||Obj.:  0.004405 ||Vol.:  0.500 ||ch.: 10.000 ||r.:2714275.554 
 It.:  327 ||Obj.:  0.004402 ||Vol.:  0.500 ||ch.: 10.000 ||r.:2714275.554 
 It.:  328 ||Obj.:  0.004401 ||Vol.:  0.500 ||ch.:  8.000 ||r.:2714275.554 
 It.:  329 ||Obj.:  0.004400 ||Vol.:  0.500 ||ch.:  2.000 ||r.:2714275.554 
 It.:  330 ||Obj.:  0.004399 ||Vol.:  0.500 ||ch.:  2.000 ||r.:2714275.554 
 It.:  331 ||Obj.:  0.004399 ||Vol.:  0.500 ||ch.:  2.000 ||r.:2714275.554 
 It.:  332 ||Obj.:  0.010728 ||Vol.:  0.500 ||ch.:160.000 ||r.:10000000000.000 
 It.:  333 ||Obj.:  0.010737 ||Vol.:  0.500 ||ch.:159.000 ||r.:5001427497.768 
 It.:  334 ||Obj.:  0.010748 ||Vol.:  0.500 ||ch.:159.000 ||r.:2502141246.653 
 It.:  335 ||Obj.:  0.010781 ||Vol.:  0.500 ||ch.:159.000 ||r.:1252498121.095 
 It.:  336 ||Obj.:  0.010809 ||Vol.:  0.500 ||ch.:157.000 ||r.:627676558.316 
 It.:  337 ||Obj.:  0.010904 ||Vol.:  0.500 ||ch.:154.000 ||r.:315265776.926 
 It.:  338 ||Obj.:  0.011107 ||Vol.:  0.500 ||ch.:150.000 ||r.:159060386.232 
 It.:  339 ||Obj.:  0.010560 ||Vol.:  0.500 ||ch.:144.000 ||r.:80957690.884 
 It.:  340 ||Obj.:  0.008839 ||Vol.:  0.500 ||ch.:124.000 ||r.:41906343.211 
 It.:  341 ||Obj.:  0.005879 ||Vol.:  0.500 ||ch.: 85.000 ||r.:22380669.374 
 It.:  342 ||Obj.:  0.004570 ||Vol.:  0.500 ||ch.: 41.000 ||r.:12617832.455 
 It.:  343 ||Obj.:  0.004418 ||Vol.:  0.500 ||ch.: 23.000 ||r.:7736413.996 
 It.:  344 ||Obj.:  0.004397 ||Vol.:  0.500 ||ch.: 11.000 ||r.:5295704.766 
 It.:  345 ||Obj.:  0.004409 ||Vol.:  0.500 ||ch.: 18.000 ||r.:5295704.766 
 It.:  346 ||Obj.:  0.004395 ||Vol.:  0.500 ||ch.: 11.000 ||r.:3025404.241 
 It.:  347 ||Obj.:  0.004395 ||Vol.:  0.500 ||ch.: 12.000 ||r.:3025404.241 
 It.:  348 ||Obj.:  0.004395 ||Vol.:  0.500 ||ch.: 10.000 ||r.:3025404.241 
 It.:  349 ||Obj.:  0.004394 ||Vol.:  0.500 ||ch.:  8.000 ||r.:3025404.241 
 It.:  350 ||Obj.:  0.004394 ||Vol.:  0.500 ||ch.:  9.000 ||r.:3025404.241 
 It.:  351 ||Obj.:  0.004393 ||Vol.:  0.500 ||ch.:  9.000 ||r.:3025404.241 
 It.:  352 ||Obj.:  0.004393 ||Vol.:  0.500 ||ch.:  3.000 ||r.:3025404.241 
 It.:  353 ||Obj.:  0.010961 ||Vol.:  0.500 ||ch.:159.000 ||r.:10000000000.000 
 It.:  354 ||Obj.:  0.010964 ||Vol.:  0.500 ||ch.:159.000 ||r.:5001676340.461 
 It.:  355 ||Obj.:  0.010975 ||Vol.:  0.500 ||ch.:159.000 ||r.:2502514510.691 
 It.:  356 ||Obj.:  0.010979 ||Vol.:  0.500 ||ch.:159.000 ||r.:1252933595.806 
 It.:  357 ||Obj.:  0.011118 ||Vol.:  0.500 ||ch.:157.000 ||r.:628143138.364 
 It.:  358 ||Obj.:  0.011204 ||Vol.:  0.500 ||ch.:155.000 ||r.:315747909.643 
 It.:  359 ||Obj.:  0.011309 ||Vol.:  0.500 ||ch.:151.000 ||r.:159550295.282 
 It.:  360 ||Obj.:  0.010772 ||Vol.:  0.500 ||ch.:145.000 ||r.:81451488.102 
 It.:  361 ||Obj.:  0.008909 ||Vol.:  0.500 ||ch.:121.000 ||r.:42402084.512 
 It.:  362 ||Obj.:  0.005885 ||Vol.:  0.500 ||ch.: 85.000 ||r.:22877382.717 
 It.:  363 ||Obj.:  0.004556 ||Vol.:  0.500 ||ch.: 58.000 ||r.:13115031.819 
 It.:  364 ||Obj.:  0.004403 ||Vol.:  0.500 ||ch.: 27.000 ||r.:8233856.370 
 It.:  365 ||Obj.:  0.004393 ||Vol.:  0.500 ||ch.: 11.000 ||r.:5793268.646 
 It.:  366 ||Obj.:  0.004408 ||Vol.:  0.500 ||ch.: 22.000 ||r.:5793268.646 
 It.:  367 ||Obj.:  0.004394 ||Vol.:  0.500 ||ch.: 13.000 ||r.:3055081.112 
 It.:  368 ||Obj.:  0.004392 ||Vol.:  0.500 ||ch.:  8.000 ||r.:1685987.346 
 It.:  369 ||Obj.:  0.010516 ||Vol.:  0.500 ||ch.:159.000 ||r.:10000000000.000 
 It.:  370 ||Obj.:  0.010531 ||Vol.:  0.500 ||ch.:159.000 ||r.:5000968862.501 
 It.:  371 ||Obj.:  0.010540 ||Vol.:  0.500 ||ch.:159.000 ||r.:2501453293.752 
 It.:  372 ||Obj.:  0.010547 ||Vol.:  0.500 ||ch.:159.000 ||r.:1251695509.377 
 It.:  373 ||Obj.:  0.010646 ||Vol.:  0.500 ||ch.:158.000 ||r.:626816617.189 
 It.:  374 ||Obj.:  0.010839 ||Vol.:  0.500 ||ch.:155.000 ||r.:314377171.096 
 It.:  375 ||Obj.:  0.010970 ||Vol.:  0.500 ||ch.:151.000 ||r.:158157448.049 
 It.:  376 ||Obj.:  0.010550 ||Vol.:  0.500 ||ch.:145.000 ||r.:80047586.525 
 It.:  377 ||Obj.:  0.008666 ||Vol.:  0.500 ||ch.:120.000 ||r.:40992655.764 
 It.:  378 ||Obj.:  0.005677 ||Vol.:  0.500 ||ch.: 77.000 ||r.:21465190.383 
 It.:  379 ||Obj.:  0.004482 ||Vol.:  0.500 ||ch.: 47.000 ||r.:11701457.692 
 It.:  380 ||Obj.:  0.004407 ||Vol.:  0.500 ||ch.: 31.000 ||r.:6819591.347 
 It.:  381 ||Obj.:  0.004396 ||Vol.:  0.500 ||ch.: 19.000 ||r.:4378658.175 
 It.:  382 ||Obj.:  0.004391 ||Vol.:  0.500 ||ch.: 11.000 ||r.:3158191.588 
 It.:  383 ||Obj.:  0.004390 ||Vol.:  0.500 ||ch.: 10.000 ||r.:3158191.588 
 It.:  384 ||Obj.:  0.004389 ||Vol.:  0.500 ||ch.:  4.000 ||r.:3158191.588 
 It.:  385 ||Obj.:  0.004389 ||Vol.:  0.500 ||ch.:  2.000 ||r.:3158191.588 
 It.:  386 ||Obj.:  0.010149 ||Vol.:  0.500 ||ch.:159.000 ||r.:10000000000.000 
 It.:  387 ||Obj.:  0.010153 ||Vol.:  0.500 ||ch.:159.000 ||r.:5001636567.428 
 It.:  388 ||Obj.:  0.010153 ||Vol.:  0.500 ||ch.:159.000 ||r.:2502454851.143 
 It.:  389 ||Obj.:  0.010199 ||Vol.:  0.500 ||ch.:159.000 ||r.:1252863993.000 
 It.:  390 ||Obj.:  0.010261 ||Vol.:  0.500 ||ch.:158.000 ||r.:628068563.928 
 It.:  391 ||Obj.:  0.010509 ||Vol.:  0.500 ||ch.:156.000 ||r.:315670849.393 
 It.:  392 ||Obj.:  0.010483 ||Vol.:  0.500 ||ch.:151.000 ||r.:159471992.125 
 It.:  393 ||Obj.:  0.010100 ||Vol.:  0.500 ||ch.:144.000 ||r.:81372563.491 
 It.:  394 ||Obj.:  0.008459 ||Vol.:  0.500 ||ch.:121.000 ||r.:42322849.174 
 It.:  395 ||Obj.:  0.005750 ||Vol.:  0.500 ||ch.: 81.000 ||r.:22797992.015 
 It.:  396 ||Obj.:  0.004509 ||Vol.:  0.500 ||ch.: 35.000 ||r.:13035563.436 
 It.:  397 ||Obj.:  0.004394 ||Vol.:  0.500 ||ch.: 20.000 ||r.:8154349.147 
 It.:  398 ||Obj.:  0.004391 ||Vol.:  0.500 ||ch.: 11.000 ||r.:5713742.002 
 It.:  399 ||Obj.:  0.004389 ||Vol.:  0.500 ||ch.:  4.000 ||r.:4493438.429 
 It.:  400 ||Obj.:  0.004389 ||Vol.:  0.500 ||ch.:  6.000 ||r.:4493438.429 
 It.:  401 ||Obj.:  0.004389 ||Vol.:  0.500 ||ch.:  7.000 ||r.:4493438.429 
 It.:  402 ||Obj.:  0.004388 ||Vol.:  0.500 ||ch.:  5.000 ||r.:2824918.394 
 It.:  403 ||Obj.:  0.010103 ||Vol.:  0.500 ||ch.:159.000 ||r.:10000000000.000 
 It.:  404 ||Obj.:  0.010107 ||Vol.:  0.500 ||ch.:159.000 ||r.:5001456547.262 
 It.:  405 ||Obj.:  0.010103 ||Vol.:  0.500 ||ch.:159.000 ||r.:2502184820.892 
 It.:  406 ||Obj.:  0.010178 ||Vol.:  0.500 ||ch.:159.000 ||r.:1252548957.708 
 It.:  407 ||Obj.:  0.010179 ||Vol.:  0.500 ||ch.:158.000 ||r.:627731026.115 
 It.:  408 ||Obj.:  0.010329 ||Vol.:  0.500 ||ch.:156.000 ||r.:315322060.319 
 It.:  409 ||Obj.:  0.010332 ||Vol.:  0.500 ||ch.:151.000 ||r.:159117577.421 
 It.:  410 ||Obj.:  0.009909 ||Vol.:  0.500 ||ch.:143.000 ||r.:81015335.972 
 It.:  411 ||Obj.:  0.008407 ||Vol.:  0.500 ||ch.:121.000 ||r.:41964215.248 
 It.:  412 ||Obj.:  0.005671 ||Vol.:  0.500 ||ch.: 79.000 ||r.:22438654.885 
 It.:  413 ||Obj.:  0.004491 ||Vol.:  0.500 ||ch.: 33.000 ||r.:12675874.704 
 It.:  414 ||Obj.:  0.004395 ||Vol.:  0.500 ||ch.: 20.000 ||r.:7794484.614 
 It.:  415 ||Obj.:  0.004389 ||Vol.:  0.500 ||ch.:  6.000 ||r.:5353789.568 
 It.:  416 ||Obj.:  0.004388 ||Vol.:  0.500 ||ch.:  5.000 ||r.:4133442.046 
 It.:  417 ||Obj.:  0.004388 ||Vol.:  0.500 ||ch.:  5.000 ||r.:3523268.284 
 It.:  418 ||Obj.:  0.004388 ||Vol.:  0.500 ||ch.:  6.000 ||r.:3523268.284 
 It.:  419 ||Obj.:  0.004388 ||Vol.:  0.500 ||ch.:  6.000 ||r.:3523268.284 
 It.:  420 ||Obj.:  0.004388 ||Vol.:  0.500 ||ch.:  5.000 ||r.:2969019.657 
 It.:  421 ||Obj.:  0.010108 ||Vol.:  0.500 ||ch.:159.000 ||r.:10000000000.000 
 It.:  422 ||Obj.:  0.010125 ||Vol.:  0.500 ||ch.:159.000 ||r.:5001650607.686 
 It.:  423 ||Obj.:  0.010067 ||Vol.:  0.500 ||ch.:159.000 ||r.:2502475911.529 
 It.:  424 ||Obj.:  0.010107 ||Vol.:  0.500 ||ch.:159.000 ||r.:1252888563.450 
 It.:  425 ||Obj.:  0.010166 ||Vol.:  0.500 ||ch.:158.000 ||r.:628094889.411 
 It.:  426 ||Obj.:  0.010255 ||Vol.:  0.500 ||ch.:156.000 ||r.:315698052.392 
 It.:  427 ||Obj.:  0.010316 ||Vol.:  0.500 ||ch.:151.000 ||r.:159499633.882 
 It.:  428 ||Obj.:  0.009876 ||Vol.:  0.500 ||ch.:143.000 ||r.:81400424.627 
 It.:  429 ||Obj.:  0.008420 ||Vol.:  0.500 ||ch.:121.000 ||r.:42350819.999 
 It.:  430 ||Obj.:  0.005720 ||Vol.:  0.500 ||ch.: 81.000 ||r.:22826017.686 
 It.:  431 ||Obj.:  0.004508 ||Vol.:  0.500 ||ch.: 38.000 ||r.:13063616.529 
 It.:  432 ||Obj.:  0.004393 ||Vol.:  0.500 ||ch.: 24.000 ||r.:8182415.950 
 It.:  433 ||Obj.:  0.004389 ||Vol.:  0.500 ||ch.:  8.000 ||r.:5741815.661 
 It.:  434 ||Obj.:  0.004388 ||Vol.:  0.500 ||ch.:  5.000 ||r.:4521515.517 
 It.:  435 ||Obj.:  0.004388 ||Vol.:  0.500 ||ch.:  4.000 ||r.:3911365.444 
 It.:  436 ||Obj.:  0.004388 ||Vol.:  0.500 ||ch.:  4.000 ||r.:3911365.444 
 It.:  437 ||Obj.:  0.004388 ||Vol.:  0.500 ||ch.:  4.000 ||r.:3911365.444 
 It.:  438 ||Obj.:  0.004388 ||Vol.:  0.500 ||ch.:  2.000 ||r.:3634594.803 
 It.:  439 ||Obj.:  0.004388 ||Vol.:  0.500 ||ch.:  2.000 ||r.:3634594.803 
 It.:  440 ||Obj.:  0.010105 ||Vol.:  0.500 ||ch.:159.000 ||r.:10000000000.000 
 It.:  441 ||Obj.:  0.010110 ||Vol.:  0.500 ||ch.:159.000 ||r.:5002016555.231 
 It.:  442 ||Obj.:  0.010057 ||Vol.:  0.500 ||ch.:159.000 ||r.:2503024832.846 
 It.:  443 ||Obj.:  0.010084 ||Vol.:  0.500 ||ch.:159.000 ||r.:1253528971.654 
 It.:  444 ||Obj.:  0.010151 ||Vol.:  0.500 ||ch.:158.000 ||r.:628781041.058 
 It.:  445 ||Obj.:  0.010245 ||Vol.:  0.500 ||ch.:156.000 ||r.:316407075.760 
 It.:  446 ||Obj.:  0.010233 ||Vol.:  0.500 ||ch.:151.000 ||r.:160220093.111 
 It.:  447 ||Obj.:  0.009896 ||Vol.:  0.500 ||ch.:144.000 ||r.:82126601.786 
 It.:  448 ||Obj.:  0.008438 ||Vol.:  0.500 ||ch.:122.000 ||r.:43079856.124 
 It.:  449 ||Obj.:  0.005807 ||Vol.:  0.500 ||ch.: 83.000 ||r.:23556483.293 
 It.:  450 ||Obj.:  0.004562 ||Vol.:  0.500 ||ch.: 43.000 ||r.:13794796.877 
 It.:  451 ||Obj.:  0.004392 ||Vol.:  0.500 ||ch.: 20.000 ||r.:8913953.669 
 It.:  452 ||Obj.:  0.004389 ||Vol.:  0.500 ||ch.:  7.000 ||r.:6473532.065 
 It.:  453 ||Obj.:  0.004388 ||Vol.:  0.500 ||ch.:  4.000 ||r.:5253321.263 
 It.:  454 ||Obj.:  0.004388 ||Vol.:  0.500 ||ch.:  6.000 ||r.:5253321.263 
 It.:  455 ||Obj.:  0.004388 ||Vol.:  0.500 ||ch.:  4.000 ||r.:3869675.708 
 It.:  456 ||Obj.:  0.004387 ||Vol.:  0.500 ||ch.:  3.000 ||r.:3869675.708 
 It.:  457 ||Obj.:  0.004388 ||Vol.:  0.500 ||ch.:  5.000 ||r.:3869675.708 
 It.:  458 ||Obj.:  0.004387 ||Vol.:  0.500 ||ch.:  3.000 ||r.:3215464.100 
 It.:  459 ||Obj.:  0.010438 ||Vol.:  0.500 ||ch.:159.000 ||r.:10000000000.000 
 It.:  460 ||Obj.:  0.010452 ||Vol.:  0.500 ||ch.:159.000 ||r.:5001609156.324 
 It.:  461 ||Obj.:  0.010457 ||Vol.:  0.500 ||ch.:159.000 ||r.:2502413734.485 
 It.:  462 ||Obj.:  0.010486 ||Vol.:  0.500 ||ch.:158.000 ||r.:1252816023.566 
 It.:  463 ||Obj.:  0.010441 ||Vol.:  0.500 ||ch.:158.000 ||r.:628017168.107 
 It.:  464 ||Obj.:  0.010567 ||Vol.:  0.500 ||ch.:156.000 ||r.:315617740.377 
 It.:  465 ||Obj.:  0.010657 ||Vol.:  0.500 ||ch.:151.000 ||r.:159418026.512 
 It.:  466 ||Obj.:  0.010267 ||Vol.:  0.500 ||ch.:143.000 ||r.:81318169.580 
 It.:  467 ||Obj.:  0.008456 ||Vol.:  0.500 ||ch.:121.000 ||r.:42268241.113 
 It.:  468 ||Obj.:  0.005724 ||Vol.:  0.500 ||ch.: 81.000 ||r.:22743276.880 
 It.:  469 ||Obj.:  0.004500 ||Vol.:  0.500 ||ch.: 39.000 ||r.:12980794.764 
 It.:  470 ||Obj.:  0.004391 ||Vol.:  0.500 ||ch.: 22.000 ||r.:8099553.705 
 It.:  471 ||Obj.:  0.004389 ||Vol.:  0.500 ||ch.: 17.000 ||r.:5658933.176 
 It.:  472 ||Obj.:  0.004388 ||Vol.:  0.500 ||ch.:  8.000 ||r.:4438622.912 
 It.:  473 ||Obj.:  0.004387 ||Vol.:  0.500 ||ch.:  4.000 ||r.:3828467.779 
 It.:  474 ||Obj.:  0.004387 ||Vol.:  0.500 ||ch.:  3.000 ||r.:3523390.213 
 It.:  475 ||Obj.:  0.010489 ||Vol.:  0.500 ||ch.:159.000 ||r.:10000000000.000 
 It.:  476 ||Obj.:  0.010484 ||Vol.:  0.500 ||ch.:159.000 ||r.:5001937047.913 
 It.:  477 ||Obj.:  0.010491 ||Vol.:  0.500 ||ch.:159.000 ||r.:2502905571.870 
 It.:  478 ||Obj.:  0.010522 ||Vol.:  0.500 ||ch.:159.000 ||r.:1253389833.848 
 It.:  479 ||Obj.:  0.010490 ||Vol.:  0.500 ||ch.:158.000 ||r.:628631964.837 
 It.:  480 ||Obj.:  0.010637 ||Vol.:  0.500 ||ch.:156.000 ||r.:316253030.332 
 It.:  481 ||Obj.:  0.010700 ||Vol.:  0.500 ||ch.:151.000 ||r.:160063563.079 
 It.:  482 ||Obj.:  0.010308 ||Vol.:  0.500 ||ch.:144.000 ||r.:81968829.453 
 It.:  483 ||Obj.:  0.008589 ||Vol.:  0.500 ||ch.:122.000 ||r.:42921462.640 
 It.:  484 ||Obj.:  0.005831 ||Vol.:  0.500 ||ch.: 84.000 ||r.:23397779.233 
 It.:  485 ||Obj.:  0.004546 ||Vol.:  0.500 ||ch.: 46.000 ||r.:13635937.530 
 It.:  486 ||Obj.:  0.004394 ||Vol.:  0.500 ||ch.: 27.000 ||r.:8755016.678 
 It.:  487 ||Obj.:  0.004390 ||Vol.:  0.500 ||ch.: 15.000 ||r.:6314556.252 
 It.:  488 ||Obj.:  0.004388 ||Vol.:  0.500 ||ch.:  7.000 ||r.:5094326.040 
 It.:  489 ||Obj.:  0.004387 ||Vol.:  0.500 ||ch.:  4.000 ||r.:4484210.933 
 It.:  490 ||Obj.:  0.004387 ||Vol.:  0.500 ||ch.:  2.000 ||r.:4179153.380 
 It.:  491 ||Obj.:  0.004387 ||Vol.:  0.500 ||ch.:  2.000 ||r.:4179153.380 
 It.:  492 ||Obj.:  0.004387 ||Vol.:  0.500 ||ch.:  2.000 ||r.:3889690.614 
 It.:  493 ||Obj.:  0.004387 ||Vol.:  0.500 ||ch.:  2.000 ||r.:3744959.231 
 It.:  494 ||Obj.:  0.004387 ||Vol.:  0.500 ||ch.:  2.000 ||r.:3672593.539 
 It.:  495 ||Obj.:  0.004387 ||Vol.:  0.500 ||ch.:  2.000 ||r.:3636410.693 
 It.:  496 ||Obj.:  0.004387 ||Vol.:  0.500 ||ch.:  2.000 ||r.:3618319.270 
 It.:  497 ||Obj.:  0.004387 ||Vol.:  0.500 ||ch.:  2.000 ||r.:3609273.559 
 It.:  498 ||Obj.:  0.004387 ||Vol.:  0.500 ||ch.:  1.000 ||r.:3604750.703 
 It.:  499 ||Obj.:  0.004387 ||Vol.:  0.500 ||ch.:  1.000 ||r.:3604750.703 
 It.:  500 ||Obj.:  0.004388 ||Vol.:  0.500 ||ch.:  4.000 ||r.:3604750.703 
 It.:  501 ||Obj.:  0.004387 ||Vol.:  0.500 ||ch.:  3.000 ||r.:2845822.982 
 It.:  502 ||Obj.:  0.004387 ||Vol.:  0.500 ||ch.:  2.000 ||r.:2466359.121 
 It.:  503 ||Obj.:  0.004387 ||Vol.:  0.500 ||ch.:  2.000 ||r.:2276627.191 
 It.:  504 ||Obj.:  0.004387 ||Vol.:  0.500 ||ch.:  2.000 ||r.:2181761.226 
 It.:  505 ||Obj.:  0.004387 ||Vol.:  0.500 ||ch.:  1.000 ||r.:2134328.243 
 It.:  506 ||Obj.:  0.010512 ||Vol.:  0.500 ||ch.:159.000 ||r.:10000000000.000 
 It.:  507 ||Obj.:  0.010522 ||Vol.:  0.500 ||ch.:159.000 ||r.:5001420685.115 
 It.:  508 ||Obj.:  0.010549 ||Vol.:  0.500 ||ch.:159.000 ||r.:2502131027.672 
 It.:  509 ||Obj.:  0.010547 ||Vol.:  0.500 ||ch.:159.000 ||r.:1252486198.951 
 It.:  510 ||Obj.:  0.010601 ||Vol.:  0.500 ||ch.:158.000 ||r.:627663784.590 
 It.:  511 ||Obj.:  0.010680 ||Vol.:  0.500 ||ch.:155.000 ||r.:315252577.410 
 It.:  512 ||Obj.:  0.010736 ||Vol.:  0.500 ||ch.:151.000 ||r.:159046973.819 
 It.:  513 ||Obj.:  0.010379 ||Vol.:  0.500 ||ch.:144.000 ||r.:80944172.024 
 It.:  514 ||Obj.:  0.008523 ||Vol.:  0.500 ||ch.:121.000 ||r.:41892771.127 
 It.:  515 ||Obj.:  0.005724 ||Vol.:  0.500 ||ch.: 81.000 ||r.:22367070.678 
 It.:  516 ||Obj.:  0.004478 ||Vol.:  0.500 ||ch.: 30.000 ||r.:12604220.454 
 It.:  517 ||Obj.:  0.004392 ||Vol.:  0.500 ||ch.: 10.000 ||r.:7722795.341 
 It.:  518 ||Obj.:  0.004388 ||Vol.:  0.500 ||ch.:  6.000 ||r.:5282082.785 
 It.:  519 ||Obj.:  0.004388 ||Vol.:  0.500 ||ch.:  4.000 ||r.:4061726.507 
 It.:  520 ||Obj.:  0.004387 ||Vol.:  0.500 ||ch.:  3.000 ||r.:3451548.368 
 It.:  521 ||Obj.:  0.004387 ||Vol.:  0.500 ||ch.:  2.000 ||r.:3146459.299 
 It.:  522 ||Obj.:  0.004387 ||Vol.:  0.500 ||ch.:  1.000 ||r.:2993914.764 
 sharp interface energy:    0.012874
--------------------------------------
--------------------------------------
